[debug] [2026-10-10T10:29:12.258Z] ----------------------------------------------------------------------
[debug] [2026-10-10T10:29:12.263Z] Command:       C:\Program Files\nodejs\node.exe C:\Users\promp\AppData\Roaming\npm\node_modules\firebase-tools\lib\bin\firebase.js serve
[debug] [2026-10-10T10:29:12.263Z] CLI Version:   15.33.0
[debug] [2026-10-10T10:29:12.264Z] Platform:      win32
[debug] [2026-10-10T10:29:12.264Z] Node Version:  v22.20.0
[debug] [2026-10-10T10:29:12.264Z] Detected Agent: unknown
[debug] [2026-10-10T10:29:12.264Z] Time:          Sat Oct 10 2026 12:29:12 GMT+0200 (Central European Summer Time)
[debug] [2026-10-10T10:29:12.265Z] ----------------------------------------------------------------------
[debug] 
[debug] [2026-10-10T10:29:14.171Z] > command requires scopes: ["email","openid","https://www.googleapis.com/auth/cloudplatformprojects.readonly","https://www.googleapis.com/auth/firebase","https://www.googleapis.com/auth/cloud-platform"]
[debug] [2026-10-10T10:29:14.171Z] > authorizing via signed-in user (helmar81@gmail.com)
[debug] [2026-10-10T10:29:14.171Z] [iam] checking project svelte-trading-bot for permissions ["firebase.projects.get"]
[debug] [2026-10-10T10:29:14.175Z] Checked if tokens are valid: false, expires at: 1791628038796
[debug] [2026-10-10T10:29:14.175Z] Checked if tokens are valid: false, expires at: 1791628038796
[debug] [2026-10-10T10:29:14.176Z] > refreshing access token with scopes: []
[debug] [2026-10-10T10:29:14.180Z] >>> [apiv2][query] POST https://www.googleapis.com/oauth2/v3/token [none]
[debug] [2026-10-10T10:29:14.180Z] >>> [apiv2][body] POST https://www.googleapis.com/oauth2/v3/token [omitted]
[debug] [2026-10-10T10:29:14.342Z] <<< [apiv2][status] POST https://www.googleapis.com/oauth2/v3/token 200
[debug] [2026-10-10T10:29:14.343Z] <<< [apiv2][body] POST https://www.googleapis.com/oauth2/v3/token [omitted]
[debug] [2026-10-10T10:29:14.373Z] >>> [apiv2][query] POST https://cloudresourcemanager.googleapis.com/v1/projects/svelte-trading-bot:testIamPermissions [none]
[debug] [2026-10-10T10:29:14.373Z] >>> [apiv2][(partial)header] POST https://cloudresourcemanager.googleapis.com/v1/projects/svelte-trading-bot:testIamPermissions  x-goog-user-project=svelte-trading-bot
[debug] [2026-10-10T10:29:14.373Z] >>> [apiv2][body] POST https://cloudresourcemanager.googleapis.com/v1/projects/svelte-trading-bot:testIamPermissions {"permissions":["firebase.projects.get"]}
[debug] [2026-10-10T10:29:14.776Z] <<< [apiv2][status] POST https://cloudresourcemanager.googleapis.com/v1/projects/svelte-trading-bot:testIamPermissions 200
[debug] [2026-10-10T10:29:14.776Z] <<< [apiv2][body] POST https://cloudresourcemanager.googleapis.com/v1/projects/svelte-trading-bot:testIamPermissions {"permissions":["firebase.projects.get"]}
[debug] [2026-10-10T10:29:14.780Z] Checked if tokens are valid: true, expires at: 1791631753343
[debug] [2026-10-10T10:29:14.781Z] Checked if tokens are valid: true, expires at: 1791631753343
[debug] [2026-10-10T10:29:14.781Z] >>> [apiv2][query] GET https://cloudresourcemanager.googleapis.com/v1/projects/svelte-trading-bot [none]
[debug] [2026-10-10T10:29:15.166Z] <<< [apiv2][status] GET https://cloudresourcemanager.googleapis.com/v1/projects/svelte-trading-bot 200
[debug] [2026-10-10T10:29:15.166Z] <<< [apiv2][body] GET https://cloudresourcemanager.googleapis.com/v1/projects/svelte-trading-bot {"projectNumber":"988337181074","projectId":"svelte-trading-bot","lifecycleState":"ACTIVE","name":"svelte-trading-bot","labels":{"firebase":"enabled","firebase-core":"disabled"},"createTime":"2026-10-08T19:38:17.703Z"}
[info] 
[info] === Serving from 'C:\Users\promp\Documents\svelte-trading-bot'...
[info] 
[debug] [2026-10-10T10:29:15.174Z] Checked if tokens are valid: true, expires at: 1791631753343
[debug] [2026-10-10T10:29:15.174Z] Checked if tokens are valid: true, expires at: 1791631753343
[debug] [2026-10-10T10:29:15.175Z] >>> [apiv2][query] GET https://firebase.googleapis.com/v1beta1/projects/svelte-trading-bot [none]
[debug] [2026-10-10T10:29:15.478Z] <<< [apiv2][status] GET https://firebase.googleapis.com/v1beta1/projects/svelte-trading-bot 200
[debug] [2026-10-10T10:29:15.479Z] <<< [apiv2][body] GET https://firebase.googleapis.com/v1beta1/projects/svelte-trading-bot {"projectId":"svelte-trading-bot","projectNumber":"988337181074","displayName":"svelte-trading-bot","name":"projects/svelte-trading-bot","resources":{"hostingSite":"svelte-trading-bot"},"state":"ACTIVE","labels":{"firebase":"enabled"},"etag":"1_0872a39a-7954-47d2-9c1e-e395dca84293"}
[info] 
   Thank you for trying our experimental support for SvelteKit on Firebase Hosting.
   While this integration is maintained by Googlers it is not a supported Firebase product.
   Issues filed on GitHub will be addressed on a best-effort basis by maintainers and other community members.
   The integration is known to work with Vite version 3 - 6. You may encounter errors.

   Documentation: https://firebase.google.com/docs/hosting/frameworks/frameworks-overview
   File a bug: https://github.com/firebase/firebase-tools/issues/new?template=bug_report.md
   Submit a feature request: https://github.com/firebase/firebase-tools/issues/new?template=feature_request.md

   We'd love to learn from you. Express your interest in helping us shape the future of Firebase Hosting: https://goo.gle/41enW5X

[debug] [2026-10-10T10:29:33.150Z] [web frameworks] effective firebase.json:  {
  "hosting": [
    {
      "source": ".",
      "ignore": [
        "firebase.json",
        "**/.*",
        "**/node_modules/**"
      ],
      "frameworksBackend": {
        "region": "us-central1"
      },
      "site": "svelte-trading-bot",
      "rewrites": [],
      "redirects": [],
      "headers": [],
      "cleanUrls": true,
      "public": ".firebase\\svelte-trading-bot\\hosting",
      "webFramework": "svelekit"
    }
  ]
}
[debug] [2026-10-10T10:29:33.156Z] Checked if tokens are valid: true, expires at: 1791631753343
[debug] [2026-10-10T10:29:33.156Z] Checked if tokens are valid: true, expires at: 1791631753343
[debug] [2026-10-10T10:29:33.159Z] >>> [apiv2][query] GET https://firebasehosting.googleapis.com/v1beta1/projects/svelte-trading-bot/sites 
[debug] [2026-10-10T10:29:34.414Z] <<< [apiv2][status] GET https://firebasehosting.googleapis.com/v1beta1/projects/svelte-trading-bot/sites 200
[debug] [2026-10-10T10:29:34.414Z] <<< [apiv2][body] GET https://firebasehosting.googleapis.com/v1beta1/projects/svelte-trading-bot/sites {"sites":[{"name":"projects/svelte-trading-bot/sites/svelte-trading-bot","defaultUrl":"https://svelte-trading-bot.web.app","type":"DEFAULT_SITE"}]}
[debug] [2026-10-10T10:29:34.415Z] Checked if tokens are valid: true, expires at: 1791631753343
[debug] [2026-10-10T10:29:34.415Z] Checked if tokens are valid: true, expires at: 1791631753343
[debug] [2026-10-10T10:29:34.415Z] >>> [apiv2][query] GET https://firebase.googleapis.com/v1beta1/projects/svelte-trading-bot/webApps/-/config [none]
[debug] [2026-10-10T10:29:35.049Z] <<< [apiv2][status] GET https://firebase.googleapis.com/v1beta1/projects/svelte-trading-bot/webApps/-/config 200
[debug] [2026-10-10T10:29:35.049Z] <<< [apiv2][body] GET https://firebase.googleapis.com/v1beta1/projects/svelte-trading-bot/webApps/-/config {"projectId":"svelte-trading-bot","storageBucket":"svelte-trading-bot.firebasestorage.app","apiKey":"AIzaSyA39bVnOCP-YqteU6PwjuagMKYA5E2XQ6c","authDomain":"svelte-trading-bot.firebaseapp.com","messagingSenderId":"988337181074","projectNumber":"988337181074","version":"2"}
[info] i  hosting[svelte-trading-bot]: Serving hosting files from: .firebase\svelte-trading-bot\hosting {"metadata":{"emulator":{"name":"hosting"},"message":"Serving hosting files from: \u001b[1m.firebase\\svelte-trading-bot\\hosting\u001b[22m"}}
[info] +  hosting[svelte-trading-bot]: Local server: http://localhost:5000 {"metadata":{"emulator":{"name":"hosting"},"message":"Local server: \u001b[4m\u001b[1mhttp://localhost:5000\u001b[22m\u001b[24m"}}
[info] i  hosting: ::1 - - [10/Oct/2026:10:29:38 +0000] "GET / HTTP/1.1" - - "-" "Mozilla/5.0 (Windows NT 10.0; Win64; x64) AppleWebKit/537.36 (KHTML, like Gecko) Code/1.141.0 Chrome/150.0.7871.250 Electron/43.7.7 Safari/537.36" {"metadata":{"emulator":{"name":"hosting"},"message":"::1 - - [10/Oct/2026:10:29:38 +0000] \"GET / HTTP/1.1\" - - \"-\" \"Mozilla/5.0 (Windows NT 10.0; Win64; x64) AppleWebKit/537.36 (KHTML, like Gecko) Code/1.141.0 Chrome/150.0.7871.250 Electron/43.7.7 Safari/537.36\""}}
[info] i  hosting: ::1 - - [10/Oct/2026:10:29:39 +0000] "GET /manifest.json HTTP/1.1" 404 152 "http://localhost:5000/" "Mozilla/5.0 (Windows NT 10.0; Win64; x64) AppleWebKit/537.36 (KHTML, like Gecko) Code/1.141.0 Chrome/150.0.7871.250 Electron/43.7.7 Safari/537.36" {"metadata":{"emulator":{"name":"hosting"},"message":"::1 - - [10/Oct/2026:10:29:39 +0000] \"GET /manifest.json HTTP/1.1\" 404 152 \"http://localhost:5000/\" \"Mozilla/5.0 (Windows NT 10.0; Win64; x64) AppleWebKit/537.36 (KHTML, like Gecko) Code/1.141.0 Chrome/150.0.7871.250 Electron/43.7.7 Safari/537.36\""}}
[info] i  hosting: ::1 - - [10/Oct/2026:10:29:40 +0000] "GET /sw.js HTTP/1.1" 404 144 "http://localhost:5000/sw.js" "Mozilla/5.0 (Windows NT 10.0; Win64; x64) AppleWebKit/537.36 (KHTML, like Gecko) Code/1.141.0 Chrome/150.0.7871.250 Electron/43.7.7 Safari/537.36" {"metadata":{"emulator":{"name":"hosting"},"message":"::1 - - [10/Oct/2026:10:29:40 +0000] \"GET /sw.js HTTP/1.1\" 404 144 \"http://localhost:5000/sw.js\" \"Mozilla/5.0 (Windows NT 10.0; Win64; x64) AppleWebKit/537.36 (KHTML, like Gecko) Code/1.141.0 Chrome/150.0.7871.250 Electron/43.7.7 Safari/537.36\""}}
[info] i  hosting: ::1 - - [10/Oct/2026:10:34:39 +0000] "GET /sw.js HTTP/1.1" 404 144 "http://localhost:5000/sw.js" "Mozilla/5.0 (Windows NT 10.0; Win64; x64) AppleWebKit/537.36 (KHTML, like Gecko) Code/1.141.0 Chrome/150.0.7871.250 Electron/43.7.7 Safari/537.36" {"metadata":{"emulator":{"name":"hosting"},"message":"::1 - - [10/Oct/2026:10:34:39 +0000] \"GET /sw.js HTTP/1.1\" 404 144 \"http://localhost:5000/sw.js\" \"Mozilla/5.0 (Windows NT 10.0; Win64; x64) AppleWebKit/537.36 (KHTML, like Gecko) Code/1.141.0 Chrome/150.0.7871.250 Electron/43.7.7 Safari/537.36\""}}
